1 - Packet Parser
2 - Packet Generator
----- Arguments -----
Packet counter: 100
Read File Name: 
Signature File Name:sigFile.txt
Output File Name: test.log
Packet type filter: 
Header info only?: false
Source Address Filter: null
Destination Address Filter: null
Source OR Filter: null
Destination OR Filter: null
Source AND Filter: null
Destination AND Filter: null
Source Port Filter Starting Port: 0
Source Port Filter Ending Port: 0
Destination Port Filter Starting Port: 0
Destination Port Filter Ending Port: 0
----- End Arguments -----

New signature created.
Number of adapters: 2
Device name in Java =\Device\NPF_{6FDCFBC4-66EB-41BE-8F14-26167CD9C6DE}
Device name in Java =\Device\NPF_{153B000B-4DC9-4245-A0E5-63896879A478}
Adapter is open: \Device\NPF_{6FDCFBC4-66EB-41BE-8F14-26167CD9C6DE}
Arp Queue created.
Arp Queue created.
New Queue -1061358777 created.
New Queue -1771113657 created.
New Queue -1771048121 created.
New Queue 547881218 created.
New Queue -513830720 created.
New Queue -461643825 created.
New Queue -461840433 created.
New Queue -461774897 created.
New Queue -463020081 created.
New Queue -986542132 created.
New Queue -986607668 created.
New Queue -1581019188 created.
New Queue -986673204 created.
New Queue -1581019188 created.
New Queue -986214452 created.
New Queue -2137595953 created.
New Queue -463216689 created.
New Queue -463413297 created.
Arp Queue created.
New Queue -2137595953 created.
New Queue -462495793 created.
New Queue -2137595953 created.
New Queue -462430257 created.
New Queue -2137595953 created.
New Queue -462626865 created.
New Queue 1212866511 created.
New Queue 1212932047 created.
New Queue 1212735439 created.
New Queue 1212800975 created.
New Queue -462561329 created.
New Queue -462757937 created.
New Queue -462692401 created.
New Queue -985821236 created.
New Queue 1215750095 created.
New Queue -462823473 created.
New Queue -443097137 created.
New Queue -874410036 created.
New Queue -874475572 created.
New Queue 1967579087 created.
New Queue 1967644623 created.
New Queue 119005135 created.
New Queue 118808527 created.
New Queue 1215815631 created.
New Queue 362012623 created.
New Queue 361816015 created.
New Queue -993882164 created.
New Queue 949105996 created.
New Queue 949762553 created.
New Queue -443293745 created.
New Queue -443359281 created.
New Queue 1570716153 created.
New Queue -443490353 created.
New Queue -443424817 created.
New Queue 1569731916 created.
New Queue 1215619023 created.
New Queue -442572849 created.
Arp Queue created.
New Queue -506978969 created.
New Queue -506782361 created.
New Queue -270602638 created.
New Queue -270930318 created.
New Queue -506716825 created.
New Queue -506520217 created.
New Queue -506585753 created.
New Queue -506389145 created.
New Queue -506454681 created.
New Queue -506258073 created.
New Queue -155443865 created.
New Queue -272178787 created.
New Queue -272506467 created.
New Queue 983506279 created.
New Queue -272572003 created.
New Queue -505995929 created.
New Queue -272440931 created.
New Queue -271716750 created.
New Queue -271782286 created.
New Queue -271585678 created.
New Queue 1353063783 created.
New Queue 1961267203 created.
New Queue 1960939523 created.
New Queue -1874191001 created.
New Queue -272044428 created.
New Queue -271847820 created.
New Queue -271913356 created.
New Queue -155247257 created.
New Queue -155312793 created.
New Queue -1873994393 created.
New Queue 1353260391 created.
New Queue -269098594 created.
New Queue -269164130 created.
New Queue -268967522 created.
New Queue 139016252 created.
94
Assembler 0:
	SID: 0
	Final Datagram: 
	# of fragments: 1
93
Assembler 0:
	SID: 0
	Final Datagram: 
	# of fragments: 1
92
Assembler 0:
	SID: 0
	Final Datagram: 
	# of fragments: 1
91
Assembler 0:
	SID: 0
	Final Datagram: 
	# of fragments: 1
90
Assembler -268967522:
	SID: 1
	Final Datagram: 
	# of fragments: 1
89
Assembler 139016252:
	SID: 1
	Final Datagram: 
	# of fragments: 1
88
Assembler -269098594:
	SID: 1
	Final Datagram: 
	# of fragments: 1
87
Assembler -269164130:
	SID: 1
	Final Datagram: 
	# of fragments: 1
86
Assembler 1353260391:
	SID: 1
	Final Datagram: 
	# of fragments: 1
85
Assembler -155247257:
	SID: 1
	Final Datagram: 
	# of fragments: 1
84
Assembler -155312793:
	SID: 1
	Final Datagram: 
	# of fragments: 1
83
Assembler -1873994393:
	SID: 1
	Final Datagram: 
	# of fragments: 1
82
Assembler -271847820:
	SID: 1
	Final Datagram: 
	# of fragments: 1
81
Assembler -271913356:
	SID: 1
	Final Datagram: 
	# of fragments: 1
80
Assembler -1874191001:
	SID: 1
	Final Datagram: 
	# of fragments: 1
79
Assembler -272044428:
	SID: 1
	Final Datagram: 
	# of fragments: 1
78
Assembler 1960939523:
	SID: 1
	Final Datagram: 
	# of fragments: 1
77
Assembler 1353063783:
	SID: 1
	Final Datagram: 
	# of fragments: 1
76
Assembler 1961267203:
	SID: 1
	Final Datagram: 
	# of fragments: 1
75
Assembler -271782286:
	SID: 1
	Final Datagram: 
	# of fragments: 1
74
Assembler -271585678:
	SID: 1
	Final Datagram: 
	# of fragments: 1
73
Assembler -272440931:
	SID: 1
	Final Datagram: 
	# of fragments: 1
72
Assembler -271716750:
	SID: 1
	Final Datagram: 
	# of fragments: 1
71
Assembler -505995929:
	SID: 1
	Final Datagram: 
	# of fragments: 1
70
Assembler -272572003:
	SID: 1
	Final Datagram: 
	# of fragments: 1
69
Assembler 983506279:
	SID: 1
	Final Datagram: 
	# of fragments: 1
68
Assembler -272178787:
	SID: 1
	Final Datagram: 
	# of fragments: 1
67
Assembler -272506467:
	SID: 1
	Final Datagram: 
	# of fragments: 1
66
Assembler -155443865:
	SID: 1
	Final Datagram: 
	# of fragments: 1
65
Assembler -506389145:
	SID: 1
	Final Datagram: 
	# of fragments: 1
64
Assembler -506454681:
	SID: 1
	Final Datagram: 
	# of fragments: 1
63
Assembler -506258073:
	SID: 1
	Final Datagram: 
	# of fragments: 1
62
Assembler -506520217:
	SID: 1
	Final Datagram: 
	# of fragments: 1
61
Assembler -506585753:
	SID: 1
	Final Datagram: 
	# of fragments: 1
60
Assembler -506716825:
	SID: 1
	Final Datagram: 
	# of fragments: 1
59
Assembler -506782361:
	SID: 1
	Final Datagram: 
	# of fragments: 1
58
Assembler -270602638:
	SID: 1
	Final Datagram: 
	# of fragments: 1
57
Assembler -270930318:
	SID: 1
	Final Datagram: 
	# of fragments: 1
56
Assembler -506978969:
	SID: 1
	Final Datagram: 
	# of fragments: 1
55
Assembler -442572849:
	SID: 1
	Final Datagram: 
	# of fragments: 1
54
Assembler 1215619023:
	SID: 1
	Final Datagram: 
	# of fragments: 1
53
Assembler 1569731916:
	SID: 1
	Final Datagram: 
	# of fragments: 1
52
Assembler -443424817:
	SID: 1
	Final Datagram: 
	# of fragments: 1
51
Assembler 1570716153:
	SID: 1
	Final Datagram: 
	# of fragments: 1
50
Assembler -443490353:
	SID: 1
	Final Datagram: 
	# of fragments: 1
49
Assembler -443293745:
	SID: 1
	Final Datagram: 
	# of fragments: 1
48
Assembler -443359281:
	SID: 1
	Final Datagram: 
	# of fragments: 1
47
Assembler 949762553:
	SID: 1
	Final Datagram: 
	# of fragments: 1
46
Assembler 949105996:
	SID: 1
	Final Datagram: 
	# of fragments: 1
45
Assembler -993882164:
	SID: 1
	Final Datagram: 
	# of fragments: 1
44
Assembler 362012623:
	SID: 1
	Final Datagram: 
	# of fragments: 1
43
Assembler 361816015:
	SID: 1
	Final Datagram: 
	# of fragments: 1
42
Assembler 1215815631:
	SID: 1
	Final Datagram: 
	# of fragments: 1
41
Assembler 119005135:
	SID: 1
	Final Datagram: 
	# of fragments: 1
40
Assembler 118808527:
	SID: 1
	Final Datagram: 
	# of fragments: 1
39
Assembler 1967579087:
	SID: 1
	Final Datagram: 
	# of fragments: 1
38
Assembler 1967644623:
	SID: 1
	Final Datagram: 
	# of fragments: 1
37
Assembler -874410036:
	SID: 1
	Final Datagram: 
	# of fragments: 1
36
Assembler -874475572:
	SID: 1
	Final Datagram: 
	# of fragments: 1
35
Assembler -462823473:
	SID: 1
	Final Datagram: 
	# of fragments: 1
34
Assembler -443097137:
	SID: 1
	Final Datagram: 
	# of fragments: 1
33
Assembler 1215750095:
	SID: 1
	Final Datagram: 
	# of fragments: 1
32
Assembler -985821236:
	SID: 1
	Final Datagram: 
	# of fragments: 1
31
Assembler -462692401:
	SID: 1
	Final Datagram: 
	# of fragments: 1
30
Assembler -462757937:
	SID: 1
	Final Datagram: 
	# of fragments: 1
29
Assembler -462561329:
	SID: 1
	Final Datagram: 
	# of fragments: 1
28
Assembler 1212800975:
	SID: 1
	Final Datagram: 
	# of fragments: 1
27
Assembler 1212735439:
	SID: 1
	Final Datagram: 
	# of fragments: 1
26
Assembler 1212932047:
	SID: 1
	Final Datagram: 
	# of fragments: 1
25
Assembler 1212866511:
	SID: 1
	Final Datagram: 
	# of fragments: 1
24
Assembler -462626865:
	SID: 1
	Final Datagram: 
	# of fragments: 1
23
Assembler -2137595953:
	SID: 1
	Final Datagram: 
	# of fragments: 1
22
Assembler -462430257:
	SID: 1
	Final Datagram: 
	# of fragments: 1
21
Assembler -2137595953:
	SID: 1
	Final Datagram: 
	# of fragments: 1
20
Assembler -462495793:
	SID: 1
	Final Datagram: 
	# of fragments: 1
19
Assembler -2137595953:
	SID: 1
	Final Datagram: 
	# of fragments: 1
18
Assembler -2137595953:
	SID: 1
	Final Datagram: 
	# of fragments: 1
17
Assembler -463216689:
	SID: 1
	Final Datagram: 
	# of fragments: 1
16
Assembler -463413297:
	SID: 1
	Final Datagram: 
	# of fragments: 1
15
Assembler -986214452:
	SID: 1
	Final Datagram: 
	# of fragments: 1
14
Assembler -1581019188:
	SID: 1
	Final Datagram: 
	# of fragments: 1
13
Assembler -1581019188:
	SID: 1
	Final Datagram: 
	# of fragments: 1
12
Assembler -986673204:
	SID: 1
	Final Datagram: 
	# of fragments: 1
11
Assembler -986607668:
	SID: 1
	Final Datagram: 
	# of fragments: 1
10
Assembler -986542132:
	SID: 1
	Final Datagram: 
	# of fragments: 1
9
Assembler -463020081:
	SID: 1
	Final Datagram: 
	# of fragments: 1
8
Assembler -461774897:
	SID: 1
	Final Datagram: 
	# of fragments: 1
7
Assembler -461643825:
	SID: 1
	Final Datagram: 
	# of fragments: 1
6
Assembler -461840433:
	SID: 1
	Final Datagram: 
	# of fragments: 1
5
Assembler -513830720:
	SID: 1
	Final Datagram: 
	# of fragments: 1
4
Assembler 547881218:
	SID: 1
	Final Datagram: 
	# of fragments: 1
3
Assembler -1771048121:
	SID: 1
	Final Datagram: 
	# of fragments: 1
2
Assembler -1061358777:
	SID: 1
	Final Datagram: 
	# of fragments: 1
1
Assembler -1771113657:
	SID: 1
	Final Datagram: 
	# of fragments: 1
